region: "앱 셸"
  navigation: "앱 메뉴"
    "메뉴"
    list:
      listitem:
        link: "대시보드"
          - states: [current=page]
          - interaction: [focusable=true] [tabbable=true]
      listitem:
        link: "설정"
          - interaction: [focusable=true] [tabbable=true]
  main:
    navigation: "breadcrumb"
      list:
        listitem:
          generic:
            - states: [disabled=true] [current=page]
            "대시보드"
    region: "대시보드"
      heading: "대시보드"
        - properties: [level=2]
