alertdialog: "삭제 확인" [description="정말 삭제하시겠습니까?"]
  - interaction: [focusable=true]
  - relations:
    labelledby: "삭제 확인" (#base-ui-_r_b_)
  heading: "삭제 확인"
    - properties: [level=2]
  paragraph:
    "정말 삭제하시겠습니까?"
  button: "취소"
    - interaction: [focusable=true] [tabbable=true] [focused=true]
  button: "삭제"
    - interaction: [focusable=true] [tabbable=true]