form: "회원가입" [childCount=2]
  - interaction: [focusable=false] [tabbable=false] [focused=false]
  - relations:
    labelledby: "회원가입" (#signup-form-title)
  - attributes: [aria-labelledby="signup-form-title"]
  generic: "" [childCount=4]
    - interaction: [focusable=false] [tabbable=false] [focused=false]
    group: "" [childCount=2]
      - interaction: [focusable=false] [tabbable=false] [focused=false]
      - attributes: [role="group"]
      generic: "" [childCount=1]
        - interaction: [focusable=false] [tabbable=false] [focused=false]
        "이메일"
      textbox: "이메일" [value=""] [childCount=0]
        - interaction: [focusable=true] [tabbable=true] [focused=false]
    group: "" [childCount=2]
      - interaction: [focusable=false] [tabbable=false] [focused=false]
      - attributes: [role="group"]
      generic: "" [childCount=1]
        - interaction: [focusable=false] [tabbable=false] [focused=false]
        "비밀번호"
      generic: "비밀번호" [childCount=0]
        - interaction: [focusable=true] [tabbable=true] [focused=false]
    group: "" [childCount=4]
      - interaction: [focusable=false] [tabbable=false] [focused=false]
      - attributes: [role="group"]
      checkbox: "약관 동의" [childCount=0]
        - states: [checked=false]
        - interaction: [focusable=true] [tabbable=true] [focused=false]
        - relations:
          labelledby: null
        - attributes: [aria-checked="false"] [aria-labelledby="agreement-label"] [role="checkbox"] [tabindex="0"]
      checkbox: "" [value="on"] [childCount=0]
        - states: [hidden=true] [checked=false]
        - interaction: [focusable=false] [tabbable=false] [focused=false]
        - attributes: [aria-hidden="true"] [tabindex="-1"]
      generic: "" [childCount=1]
        - interaction: [focusable=false] [tabbable=false] [focused=false]
        generic: "" [childCount=1]
          - interaction: [focusable=false] [tabbable=false] [focused=false]
          "약관 동의"
      generic: "" [childCount=0]
        - states: [hidden=true]
        - interaction: [focusable=false] [tabbable=false] [focused=false]
    group: "" [childCount=4]
      - interaction: [focusable=false] [tabbable=false] [focused=false]
      - attributes: [role="group"]
      checkbox: "개인정보 수집 동의" [childCount=0]
        - states: [checked=false]
        - interaction: [focusable=true] [tabbable=true] [focused=false]
        - relations:
          labelledby: null
        - attributes: [aria-checked="false"] [aria-labelledby="privacy-label"] [role="checkbox"] [tabindex="0"]
      checkbox: "" [value="on"] [childCount=0]
        - states: [hidden=true] [checked=false]
        - interaction: [focusable=false] [tabbable=false] [focused=false]
        - attributes: [aria-hidden="true"] [tabindex="-1"]
      generic: "" [childCount=1]
        - interaction: [focusable=false] [tabbable=false] [focused=false]
        generic: "" [childCount=1]
          - interaction: [focusable=false] [tabbable=false] [focused=false]
          "개인정보 수집 동의"
      generic: "" [childCount=0]
        - states: [hidden=true]
        - interaction: [focusable=false] [tabbable=false] [focused=false]
  button: "가입하기" [childCount=0]
    - interaction: [focusable=true] [tabbable=true] [focused=false]
    - attributes: [tabindex="0"]
